<?xml version="1.0" encoding="UTF-8"?>
<TestRun id="256f6ec7-9004-47ff-a1be-4d46cf6f539d" name="oivoodoo@OIVOODOO-PC 2010-05-01 20:22:13" runUser="oivoodoo-PC\oivoodoo" xmlns="http://microsoft.com/schemas/VisualStudio/TeamTest/2010">
  <TestSettings name="Local Test Run" id="971318d2-71a0-4cc3-bd8b-f475fb416fef">
    <Description>This is a default test run configuration for a local test run.</Description>
    <Deployment runDeploymentRoot="oivoodoo_OIVOODOO-PC 2010-05-01 20_22_13">
      <DeploymentItem filename="E:\Projects\university\voo-university\Voo.University.Models\bin\Debug\Voo.University.Models.dll" />
    </Deployment>
    <Execution>
      <TestTypeSpecific />
      <AgentRule name="Execution Agents">
      </AgentRule>
    </Execution>
  </TestSettings>
  <Times creation="2010-05-01T20:22:13.0646689+03:00" queuing="2010-05-01T20:22:16.8038828+03:00" start="2010-05-01T20:22:17.1109004+03:00" finish="2010-05-01T20:22:18.3789729+03:00" />
  <ResultSummary outcome="Completed">
    <Counters total="2" executed="2" passed="2" error="0" failed="0" timeout="0" aborted="0" inconclusive="0" passedButRunAborted="0" notRunnable="0" notExecuted="0" disconnected="0" warning="0" completed="0" inProgress="0" pending="0" />
  </ResultSummary>
  <TestDefinitions>
    <UnitTest name="CreateStudentsRepository" storage="e:\projects\university\voo-university\voo.university.tests\bin\debug\voo.university.tests.dll" id="456e9c48-12d7-5a89-fce6-9491e6cf6d5a">
      <Execution id="3d91e13b-d248-4ff9-a78e-52bcdb20eced" />
      <TestMethod codeBase="E:/Projects/university/voo-university/Voo.University.Tests/bin/Debug/Voo.University.Tests.DLL" adapterTypeName="Microsoft.VisualStudio.TestTools.TestTypes.Unit.UnitTestAdapter, Microsoft.VisualStudio.QualityTools.Tips.UnitTest.Adapter, Version=10.0.0.0, Culture=neutral, PublicKeyToken=b03f5f7f11d50a3a" className="Voo.University.Tests.RepositoryTest, Voo.University.Tests, Version=1.0.0.0, Culture=neutral, PublicKeyToken=null" name="CreateStudentsRepository" />
    </UnitTest>
    <UnitTest name="TestContstructors" storage="e:\projects\university\voo-university\voo.university.tests\bin\debug\voo.university.tests.dll" id="de3f3d30-04e8-73d4-7ba2-55bf5165a78c">
      <Execution id="7b8d224f-a28d-4402-9dfb-7b4fb0c19dc4" />
      <TestMethod codeBase="E:/Projects/university/voo-university/Voo.University.Tests/bin/Debug/Voo.University.Tests.DLL" adapterTypeName="Microsoft.VisualStudio.TestTools.TestTypes.Unit.UnitTestAdapter, Microsoft.VisualStudio.QualityTools.Tips.UnitTest.Adapter, Version=10.0.0.0, Culture=neutral, PublicKeyToken=b03f5f7f11d50a3a" className="Voo.University.Tests.StudentTest, Voo.University.Tests, Version=1.0.0.0, Culture=neutral, PublicKeyToken=null" name="TestContstructors" />
    </UnitTest>
  </TestDefinitions>
  <TestLists>
    <TestList name="Results Not in a List" id="8c84fa94-04c1-424b-9868-57a2d4851a1d" />
    <TestList name="All Loaded Results" id="19431567-8539-422a-85d7-44ee4e166bda" />
  </TestLists>
  <TestEntries>
    <TestEntry testId="456e9c48-12d7-5a89-fce6-9491e6cf6d5a" executionId="3d91e13b-d248-4ff9-a78e-52bcdb20eced" testListId="8c84fa94-04c1-424b-9868-57a2d4851a1d" />
    <TestEntry testId="de3f3d30-04e8-73d4-7ba2-55bf5165a78c" executionId="7b8d224f-a28d-4402-9dfb-7b4fb0c19dc4" testListId="8c84fa94-04c1-424b-9868-57a2d4851a1d" />
  </TestEntries>
  <Results>
    <UnitTestResult executionId="3d91e13b-d248-4ff9-a78e-52bcdb20eced" testId="456e9c48-12d7-5a89-fce6-9491e6cf6d5a" testName="CreateStudentsRepository" computerName="OIVOODOO-PC" duration="00:00:00.1018893" startTime="2010-05-01T20:22:17.2049057+03:00" endTime="2010-05-01T20:22:18.2429651+03:00" testType="13cdc9d9-ddb5-4fa4-a97d-d965ccfc6d4b" outcome="Passed" testListId="8c84fa94-04c1-424b-9868-57a2d4851a1d" relativeResultsDirectory="3d91e13b-d248-4ff9-a78e-52bcdb20eced">
    </UnitTestResult>
    <UnitTestResult executionId="7b8d224f-a28d-4402-9dfb-7b4fb0c19dc4" testId="de3f3d30-04e8-73d4-7ba2-55bf5165a78c" testName="TestContstructors" computerName="OIVOODOO-PC" duration="00:00:00.0092699" startTime="2010-05-01T20:22:18.2619662+03:00" endTime="2010-05-01T20:22:18.2829674+03:00" testType="13cdc9d9-ddb5-4fa4-a97d-d965ccfc6d4b" outcome="Passed" testListId="8c84fa94-04c1-424b-9868-57a2d4851a1d" relativeResultsDirectory="7b8d224f-a28d-4402-9dfb-7b4fb0c19dc4">
    </UnitTestResult>
  </Results>
</TestRun>